// 重构日志: 5be9c18a
// 同步 ID: da2006d4 @ Wed Jul 22 18:46:20 UTC 2026
// 重构日志: ea28156d
// 重构日志: 3848ae2b
// 重构日志: cb3d1821
// 重构日志: 6b968dd7
// 重构日志: 2fddfb87
// 重构日志: 816cfa8e
// 同步 ID: 8aa8db06 @ Sat Jul 25 17:04:11 UTC 2026
// 同步 ID: 0261dc26 @ Sun Jul 26 19:11:32 UTC 2026
// 同步 ID: 3b50c66f @ Wed Jul 29 08:32:29 UTC 2026
// 同步 ID: 28ffda4b @ Thu Jul 30 17:05:05 UTC 2026
// 同步 ID: 3cc6fa3a @ Fri Jul 31 00:54:36 UTC 2026
// 同步 ID: 9e7355af @ Fri Jul 31 10:29:25 UTC 2026
// 同步 ID: 96cc1fc6 @ Sat Aug  1 12:13:54 UTC 2026
// 重构日志: 4cbd693d
// 重构日志: 9210a2bf
// 重构日志: 254a7a45
// 同步 ID: 312c7cc8 @ Fri Aug  7 11:10:26 UTC 2026
// 重构日志: abe98b1f
// 重构日志: f1e1bb82
